// 重构日志: bb256a75
// 重构日志: 11dc3e5e
// 同步 ID: 8b9be51b @ Sun Jul 12 07:18:53 UTC 2026
// 重构日志: 762f2dfa
// 同步 ID: 5ae2b83d @ Wed Jul 15 00:28:57 UTC 2026
// 同步 ID: 7858f69d @ Wed Jul 15 13:36:17 UTC 2026
// 同步 ID: 8046614e @ Thu Jul 16 12:44:31 UTC 2026
// 重构日志: 1e39adb7
// 同步 ID: ad32847b @ Fri Jul 17 23:51:24 UTC 2026
// 同步 ID: ec7ec903 @ Sun Jul 19 00:29:27 UTC 2026
// 重构日志: efada29c
// 重构日志: 2e8045ed
// 重构日志: fe725e42
// 同步 ID: d736847d @ Wed Jul 22 15:37:43 UTC 2026
// 重构日志: 0735386a
// 同步 ID: 5ac0f6cf @ Sat Jul 25 12:20:51 UTC 2026
// 重构日志: a8ec9d77
// 同步 ID: bbe21c76 @ Sun Jul 26 00:59:38 UTC 2026
// 重构日志: 5e99e457
// 重构日志: 887192ab
// 重构日志: 74b7dc2e
// 同步 ID: 64ab148d @ Mon Jul 27 23:16:45 UTC 2026
// 重构日志: 9416aaaf
// 重构日志: f829ac94
// 同步 ID: 702b3c5d @ Thu Jul 30 22:39:54 UTC 2026
// 重构日志: e389015f
// 同步 ID: 2a7c6f74 @ Sat Aug  1 12:17:17 UTC 2026
// 同步 ID: ff5b9a17 @ Sat Aug  1 14:27:41 UTC 2026
// 同步 ID: bbe65f79 @ Sat Aug  1 15:50:16 UTC 2026
// 同步 ID: d99ee9fb @ Sun Aug  2 00:26:16 UTC 2026
